stm32f1xx_hal_rtc.c:275:19:HAL_RTC_Init	24	static
stm32f1xx_hal_rtc.c:413:19:HAL_RTC_DeInit	16	static
stm32f1xx_hal_rtc.c:652:13:HAL_RTC_MspInit	16	static
stm32f1xx_hal_rtc.c:667:13:HAL_RTC_MspDeInit	16	static
stm32f1xx_hal_rtc.c:705:19:HAL_RTC_SetTime	40	static
stm32f1xx_hal_rtc.c:804:19:HAL_RTC_GetTime	40	static
stm32f1xx_hal_rtc.c:915:19:HAL_RTC_SetDate	40	static
stm32f1xx_hal_rtc.c:1029:19:HAL_RTC_GetDate	32	static
stm32f1xx_hal_rtc.c:1094:19:HAL_RTC_SetAlarm	48	static
stm32f1xx_hal_rtc.c:1186:19:HAL_RTC_SetAlarm_IT	48	static
stm32f1xx_hal_rtc.c:1291:19:HAL_RTC_GetAlarm	32	static
stm32f1xx_hal_rtc.c:1336:19:HAL_RTC_DeactivateAlarm	16	static
stm32f1xx_hal_rtc.c:1406:6:HAL_RTC_AlarmIRQHandler	16	static
stm32f1xx_hal_rtc.c:1438:13:HAL_RTC_AlarmAEventCallback	16	static
stm32f1xx_hal_rtc.c:1454:19:HAL_RTC_PollForAlarmAEvent	24	static
stm32f1xx_hal_rtc.c:1509:21:HAL_RTC_GetState	16	static
stm32f1xx_hal_rtc.c:1542:19:HAL_RTC_WaitForSynchro	24	static
stm32f1xx_hal_rtc.c:1589:17:RTC_ReadTimeCounter	32	static
stm32f1xx_hal_rtc.c:1621:26:RTC_WriteTimeCounter	24	static
stm32f1xx_hal_rtc.c:1653:17:RTC_ReadAlarmCounter	24	static
stm32f1xx_hal_rtc.c:1670:26:RTC_WriteAlarmCounter	24	static
stm32f1xx_hal_rtc.c:1702:26:RTC_EnterInitMode	24	static
stm32f1xx_hal_rtc.c:1729:26:RTC_ExitInitMode	24	static
stm32f1xx_hal_rtc.c:1754:16:RTC_ByteToBcd2	24	static
stm32f1xx_hal_rtc.c:1772:16:RTC_Bcd2ToByte	24	static
stm32f1xx_hal_rtc.c:1786:13:RTC_DateUpdate	32	static
stm32f1xx_hal_rtc.c:1881:16:RTC_IsLeapYear	16	static
stm32f1xx_hal_rtc.c:1918:16:RTC_WeekDayNum	24	static
