main.c:101:5:main	8	static
main.c:185:6:SystemClock_Config	88	static
main.c:232:13:MX_ADC1_Init	24	static
main.c:277:13:MX_I2C1_Init	8	static
main.c:311:13:MX_I2C2_Init	8	static
main.c:345:13:MX_RTC_Init	16	static
main.c:404:13:MX_SPI1_Init	8	static
main.c:442:13:MX_SPI2_Init	8	static
main.c:480:13:MX_USART1_UART_Init	8	static
main.c:513:13:MX_USART2_UART_Init	8	static
main.c:546:13:MX_GPIO_Init	40	static
main.c:592:6:StartTestTask	16	static
main.c:620:6:StartDefaultTask	16	static
main.c:645:6:HAL_TIM_PeriodElapsedCallback	16	static
main.c:662:6:Error_Handler	4	static
