main.c:111:5:main	8	static
main.c:199:6:SystemClock_Config	88	static
main.c:246:13:MX_ADC1_Init	24	static
main.c:291:13:MX_I2C1_Init	8	static
main.c:325:13:MX_I2C2_Init	8	static
main.c:359:13:MX_RTC_Init	16	static
main.c:418:13:MX_SPI1_Init	8	static
main.c:456:13:MX_SPI2_Init	8	static
main.c:494:13:MX_USART1_UART_Init	8	static
main.c:527:13:MX_USART2_UART_Init	8	static
main.c:560:13:MX_GPIO_Init	40	static
main.c:607:6:StartTestTask	16	static
main.c:618:6:StartRadioTask	40	static
main.c:647:6:StartDefaultTask	16	static
main.c:675:6:HAL_TIM_PeriodElapsedCallback	16	static
main.c:692:6:Error_Handler	4	static
