si4432.c:16:6:si4432_select_spi	8	static
si4432.c:21:6:si4432_release_spi	8	static
si4432.c:26:15:si4432_get_irq_pin	8	static
si4432.c:30:6:si4432_write_register	24	static
si4432.c:44:9:si4432_read_register	24	static
si4432.c:57:6:si4432_power_on	4	static
si4432.c:61:6:si4432_power_off	4	static
si4432.c:65:6:si4432_reset	16	static
si4432.c:82:6:si4432_init_AN415	8	static
si4432.c:147:6:si4432_init_TX_AN415	8	static
si4432.c:159:6:si4432_init_RX_AN415	16	static
si4432.c:185:6:si4432_receive_AN415	32	static
si4432.c:249:6:si4432_send_AN415	24	static
si4432.c:300:6:si4432_init_TX	8	static
si4432.c:349:6:si4432_send	24	static
si4432.c:393:6:si4432_init_RX	8	static
si4432.c:447:6:si4432_init	8	static
si4432.c:509:6:si4432_init_alien	8	static
si4432.c:605:9:si4432_get_battery_voltage	16	static
