stm32f1xx_it.c:74:6:NMI_Handler	4	static
stm32f1xx_it.c:87:6:HardFault_Handler	4	static
stm32f1xx_it.c:102:6:MemManage_Handler	4	static
stm32f1xx_it.c:117:6:BusFault_Handler	4	static
stm32f1xx_it.c:132:6:UsageFault_Handler	4	static
stm32f1xx_it.c:147:6:DebugMon_Handler	4	static
stm32f1xx_it.c:167:6:EXTI4_IRQHandler	8	static
stm32f1xx_it.c:181:6:DMA1_Channel3_IRQHandler	8	static
stm32f1xx_it.c:195:6:EXTI9_5_IRQHandler	8	static
stm32f1xx_it.c:211:6:TIM1_UP_IRQHandler	8	static
stm32f1xx_it.c:225:6:EXTI15_10_IRQHandler	8	static
